--■■■ 오라클 접속 및 구동 ■■■--

(명령 프롬프트 상태에서...)

--○ 접속된 사용자 없이 단순이 SQL 프롬프트만 띄우도록 한 것
C:\>sqlplus/nolog
--==>>
/*
SQL*Plus: Release 11.2.0.2.0 Production on 월 3월 25 11:40:18 2019
Copyright (c) 1982, 2014, Oracle.  All rights reserved.
SQL>
*/

--※ 『sqlplus』는 SQL을 수행하기 위해 ORACLE에서 제공하는
--   도구(틀, 유틸리티)이다.

--※ 『C:\oraclexe\app\oracle\product\11.2.0\server\bin』
--   에 존재하는 『sqlplus.exe』
--   이미 이 경로가 환경변수 path에 등록되어 있으므로
--   해당 경로까지 찾아들어가지 않아도 『C:\>sqlplus』
--   와 같이 명령어 사용이 가능한 상태인 것이다.

SQL> dir
SP2-0042: unknown command "dir" - rest of line ignored.
SQL> ipconfig
SP2-0042: unknown command "ipconfig" - rest of line ignored.

--※ 이제는 일반적이 도스명령어(윈도우 명령어)를 수행할 수 없다
--   (수행할 수 있는 상태가 아니다.)

--○ 현재 접속한 사용자 계정을 조회하는 구문
SQL> show user
USER is ""
--==>> USER is

--○ 첫 번째 관리자 계정인 『sys』로 연결해본다.
C:\>sqlplus sys/java006$ as sysdba
--==>>
SQL*Plus: Release 11.2.0.2.0 Production on 월 3월 25 12:06:52 2019
Copyright (c) 1982, 2014, Oracle.  All rights reserved.

Connected to:
Oracle Database 11g Express Edition Release 11.2.0.2.0 - 64bit Production
SQL>

--○ 접속한 사용자 조회
SQL> show user
--==>> USER is "SYS"

-- ※ 현재 우리는 sys 계정을 통해
--    오라클 최고 관리자 권한을 가진 상태에서
--    오라클 서버에 접속한 상태이다.

SQL(Structed Query Language)
    구조화된 질의  언어

--○ 오라클 서버 인스턴스 상태 조회(사용가능상태 여부 확인)
--   전원의 on/off 여부 등 일반적으로 접속의 가능 여부를
--   확인할 때 사용하는 명령

SQL> select status from v$instance;
--==>>
STATUS
------------------------
OPEN

--> 오라클 서버가 정상적으로 startup 되었음을 의미.

--○ 두 번째로... 일반 사용자 계정인 『hr』로 연결을 시도
C:\>sqlplus hr/lion

SQL*Plus: Release 11.2.0.2.0 Production on 월 3월 25 12:19:50 2019
Copyright (c) 1982, 2014, Oracle.  All rights reserved.

ERROR:
ORA-28000: the account is locked

--> 일반 사용자 계정인 『hr』은 잠겨있는 상태이므로
--  오라클 서버 접속이 불가능한 상태


--○ sys로 연결
C:\>sqlplus sys/java006 as sysdba
--==>>
SQL*Plus: Release 11.2.0.2.0 Production on 월 3월 25 12:24:45 2019
Copyright (c) 1982, 2014, Oracle.  All rights reserved.

Connected to:
Oracle Database 11g Express Edition Release 11.2.0.2.0 - 64bit Production

--○ 접속된 사용자 계정 확인
SQL> show user
--==>>USER is "SYS"

--○ 오라클 사용자 계정들의 상태 조회(확인) → sys인 상태에서...
SQL> set linesize 500
SQL> select username, account_status from dba_users;

USERNAME                 ACCOUNT_STATUS
------------------------ -------------------------------
SYS                      OPEN
SYSTEM                   OPEN
ANONYMOUS                OPEN
APEX_PUBLIC_USER         LOCKED
FLOWS_FILES              LOCKED
APEX_040000              LOCKED
OUTLN                    EXPIRED & LOCKED
DIP                      EXPIRED & LOCKED
ORACLE_OCM               EXPIRED & LOCKED
XS$NULL                  EXPIRED & LOCKED
MDSYS                    EXPIRED & LOCKED
CTXSYS                   EXPIRED & LOCKED
DBSNMP                   EXPIRED & LOCKED
XDB                      EXPIRED & LOCKED
APPQOSSYS                EXPIRED & LOCKED
HR                       EXPIRED & LOCKED

16 rows selected.


--○ 계정 잠금 / 해제 → sys로 연결된 상태에서
변경할 때 update/alter사용하게된다

SQL> alter user hr account unlock;
--==>>
User altered.

--○ 잠금 해제된 사용자 계정(hr)으로 오라클 접속 시도
SQL> connect hr/lion
--==>>
ERROR:
ORA-01017: invalid username/password; logon denied

Warning: You are no longer connected to ORACLE.
--> 사용자 계정 및 패스워드가 잘못되었기 때문에 로그온이 거부된 상황.

--○ 계정 정보 변경(패스워드 설정 변경) → sys로 접속
SQL> conn sys/java006$ as sysdba
--==>>
Connected.

SQL> alter user hr identified by lion;
--==>>
User altered.
--> hr 계정의 패스워드를 lion으로 설정하겠다.

--○ 다시 hr 계정으로 오라클 접속 시도
SQL> conn hr/lion
Connected.

--○ 접속된 사용자 계정 확인
SQL> show user
--==>> USER is "HR"

--○ 현재 오라클 서버의 사용자 계정 상태에 대한 정보 조회
SQL> select username, account_status from dba_users;
--==>>
select username, account_status from dba_users
                                     *
ERROR at line 1:
ORA-00942: table or view does not exist

--> hr 이라는 일반 사용자 계정을 통해서는
--  dba_user 의 조회가 불가능한 상황임을 확인

--○ 실무 식 로그인 방법
C:\>sqlplus sys as sysdba
--==>>
SQL*Plus: Release 11.2.0.2.0 Production on 월 3월 25 16:42:13 2019
Copyright (c) 1982, 2014, Oracle.  All rights reserved.

Enter password:
--==>>
Connected to:
Oracle Database 11g Express Edition Release 11.2.0.2.0 - 64bit Production

SQL > conn 211.238.142.150@hr

--○ host 명령어
--   도스 명령 체계로 전환하거나
--   라인 단위에서 도스 명령어 입력이 가능하다
--   예를 들면 host dir, host cls, host ipconfig 등...
--   유닉스 계열에서는 『host』명령어 뿐 아니라 『!』도 사용이 가능하다.
--   하지만, 윈도우 계열에서는 『host』명령어만 사용이 가능하다.
--   host 상태에서 빠져나갈 경우 『exit』명령을 입력한다.

-- ※ Administrator 가 ORA_DBA 그룹에 포함되어 있을 경우
--    취약한 보안 정책으로 인해 실무에서는
--    특별한 경우가 아니고서는 제외시키고 사용해야 한다.
--==>>ORA_DBA 그룹에서 윈도우 관리자 계정 제거~!!!!

--    내컴퓨터 > 관리 > 로컬 사용자 및 그룹 ....

-- ※ 제거 이후 sys 의 계정 및 패스워드가 일치하지 않으면
--    오라클 서버에 접속할 수 없는 상태가 된다.

-- ○ hr 사용자 계정에 sysdba 권한 부여하기 → sys 가
SQL> grant sysdba to hr;
--==>>Grant succeeded.

--○ 확인 → hr 계정으로 접속 → as sysdba로 연결
SQL> conn hr/lion as sysdba
--==>> Connected.

--○ 접속한 사용자 계정 확인
SQL> show user
USER is "SYS"

--○ sysdba 권한을 부여받기 이전에는 불가능했던
--   현재 오라클 서버에 존재하는 사용자 계정의 상태 정보 조회
--   (sysdba 권한을 부여받은 hr계정인 상태로.... )
SQL> set linesize 500
SQL> select username, account_status from dba_users;

USERNAME                     ACCOUNT_STATUS
---------------------------- -----------------------------
SYS                          OPEN
SYSTEM                       OPEN
ANONYMOUS                    OPEN
HR                           OPEN <-- new!!!
APEX_PUBLIC_USER             LOCKED
FLOWS_FILES                  LOCKED
APEX_040000                  LOCKED
OUTLN                        EXPIRED & LOCKED
DIP                          EXPIRED & LOCKED
ORACLE_OCM                   EXPIRED & LOCKED
XS$NULL                      EXPIRED & LOCKED
MDSYS                        EXPIRED & LOCKED
CTXSYS                       EXPIRED & LOCKED
DBSNMP                       EXPIRED & LOCKED
XDB                          EXPIRED & LOCKED
APPQOSSYS                    EXPIRED & LOCKED

16 rows selected.

--○ hr 사용자 계정에 부여한 sysdba권한 박탈 → sys가...
SQL> conn sys/java006$ as sysdba
--==>>Connected.

--○ 확인
SQL> show user
USER is "SYS"

--○ 권한 박탈
SQL> revoke sysdba from hr;
--==>>Revoke succeeded.

--○ 권한 박탈 후 hr 계정을 통해 sysdba 권한으로 접근 시도
SQL> conn hr/lion as sysdba
ERROR:
ORA-01031: insufficient privileges

Warning: You are no longer connected to ORACLE.
-->> 권한 박탈 후 hr은 『as sysdba』로 접속이 불가능한 상태임을 확인~!!!!

--○ 일반 사용자 계정 hr로 오라클 서버 중지명령 시도
startup/shutdown immediate
SQL> shutdown immediate
--==>> ORA-01031: insufficient privileges (→ 권한 불충분 에러)
--> 즉, 일반 사용자 계정으로는 오라클 서버를 중지시킬 수 없다.

--○ sys로 접속하여 오라클 서버 중지명령 시도
SQL> conn sys/java006$ as sysdba
--==>>Connected.

SQL> show user
--==>>USER is "SYS"

SQL> shutdown immediate
--==>>
Database closed.
Database dismounted.
ORACLE instance shut down.

--○ 오라클 서버 구동 → sys로....
SQL> startup
ORACLE instance started.

Total System Global Area 1068937216 bytes
Fixed Size                  2260048 bytes
Variable Size             616563632 bytes
Database Buffers          444596224 bytes
Redo Buffers                5517312 bytes
Database mounted.
Database opened.

--※ 오라클 서버를 시작하는 명령
SQL> startup

--※ 오라클 서버를 중지하는 명령
SQL> shutdown immediate

--※ 오라클 서버를 시작/중지하는 명령은
--   『as sysdba』또는 『as sysoper』로 연결했을 때만 가능하다.

--○ hr 사용자 계정에 『sysoper』권한(운영과 관련된 권한) 부여하기 → sys가
SQL> grant sysoper to hr;
--==>> Grant succeeded.

--○ 확인
SQL> conn hr/lion as sysoper
Connected.
SQL> show user
USER is "PUBLIC"  <- sysoper권한일 때

--○『sysoper』권한을 가진 hr 계정으로 오라클 서버 중지 명령
SQL> shutdown immediate
--==>>
Database closed.
Database dismounted.
ORACLE instance shut down.

--○『sysoper』권한을 가진 hr 계정으로 오라클 서버 구동 명령
SQL> startup
ORACLE instance started.
Database mounted.
Database opened.